screens/JaapScreen.tsx(145,5): error TS2322: Type '"between"' is not assignable to type '"center" | "flex-start" | "flex-end" | "space-between" | "space-around" | "space-evenly" | undefined'.
